PREHOOK: query: CREATE EXTERNAL TABLE mytable2 (x2 INT, y2 DOUBLE)
STORED BY
'org.apache.hive.storage.jdbc.JdbcStorageHandler'
TBLPROPERTIES ( "hive.sql.database.type" = "JETHRO",
                "hive.sql.jdbc.driver" = "com.jethrodata.JethroDriver",

                "hive.sql.jdbc.url" = "jdbc:JethroData://10.0.0.221:9111/demo3",
                "hive.sql.dbcp.username" = "jethro",
                "hive.sql.dbcp.password" = "jethro", 
                "hive.sql.query" = "select x,y from mytable",
                "hive.sql.table" = "mytable",
                "hive.sql.column.mapping" = "x2=x,y2=y",
                "hive.sql.dbcp.maxActive" = "1")
PREHOOK: type: CREATETABLE
PREHOOK: Output: database:default
PREHOOK: Output: default@mytable2
POSTHOOK: query: CREATE EXTERNAL TABLE mytable2 (x2 INT, y2 DOUBLE)
STORED BY
'org.apache.hive.storage.jdbc.JdbcStorageHandler'
TBLPROPERTIES ( "hive.sql.database.type" = "JETHRO",
                "hive.sql.jdbc.driver" = "com.jethrodata.JethroDriver",

                "hive.sql.jdbc.url" = "jdbc:JethroData://10.0.0.221:9111/demo3",
                "hive.sql.dbcp.username" = "jethro",
                "hive.sql.dbcp.password" = "jethro", 
                "hive.sql.query" = "select x,y from mytable",
                "hive.sql.table" = "mytable",
                "hive.sql.column.mapping" = "x2=x,y2=y",
                "hive.sql.dbcp.maxActive" = "1")
POSTHOOK: type: CREATETABLE
POSTHOOK: Output: database:default
POSTHOOK: Output: default@mytable2
PREHOOK: query: select x2, count(*) from mytable2 where x2=10 group by x2
PREHOOK: type: QUERY
PREHOOK: Input: default@mytable2
#### A masked pattern was here ####
POSTHOOK: query: select x2, count(*) from mytable2 where x2=10 group by x2
POSTHOOK: type: QUERY
POSTHOOK: Input: default@mytable2
#### A masked pattern was here ####
10	1
PREHOOK: query: select sum(x2) from mytable2
PREHOOK: type: QUERY
PREHOOK: Input: default@mytable2
#### A masked pattern was here ####
POSTHOOK: query: select sum(x2) from mytable2
POSTHOOK: type: QUERY
POSTHOOK: Input: default@mytable2
#### A masked pattern was here ####
60
